// Jest Snapshot v1, https://goo.gl/fbAQLP

exports[`Prueba en <GifGridItem /> Debe mostrar <GifGridItem /> correctamente 1`] = `
<div
  className="animate__animated animate__zoomIn"
>
  <img />
  <p />
</div>
`;
